 Ring,prot,2,ring,p,+2 Physical protection,5,1
 Amulet,prot,2,amulet,m,+2 Magical protection,5,1
 Rosary,prot,2,rosary,h,+2 Holy protection,5,1
 Helm,prot,5,head,p,+5 Physical protection,10,2
 Hat,prot,4,head,m,+4 Magical protection,8,1
 Headband,prot,4,head,h,+4 Holy protection,8,1
 Chainmail,prot,5,body,p,+5 Physical protection,10,1
 Platemale,prot,6,body,p,+6 Physical protection,12,2
 Hauberk,prot,4,body,p,+4 Physical protection,8,1
 Shirt,prot,2,body,p,+2 Physical protection,5,1
 Shortsword,weapon,3,weapon,p,+3 Physical damage,7,1
 Longsword,weapon,5,weapon,p,+5 Physical damage,10,2
 Zweihander,weapon,10,two-handed,p,+10 Physical damage,15,3
 Flail,weapon,4,weapon,p,+4 Physical damage,8,1
 Dagger,weapon,2,weapon,p,+2 Physical damage,5,1
 Hammer,weapon,8,weapon,p,+8 Physical damage,13,2
 Axe,weapon,9,weapon,p,+9 Physical damage,14,3
 Club,weapon,7,weapon,p,+7 Physical damage,11,2
 Halberd,weapon,12,two-handed,p,+12 Physical damage,20,3
 Staff,weapon,4,two-handed,m,+4 Magical damage,8,1
 Spear,weapon,11,two-handed,p,+11 Physical damage,18,3
 Wand,weapon,7,weapon,m,+7 Magical damage,12,2
 Fetish,weapon,7,weapon,h,+7 Holy damage,12,2
 Orb,weapon,7,weapon,m,+7 Magical damage,12,2